{
  "TargetAPK": {
    "Name": "go-1.21",
    "Version": "1.21.0-r0",
    "OriginPackageName": "go-1.21"
  },
  "Findings": [
    {
      "Package": {
        "ID": "ba19b32aed0fda67",
        "Name": "go",
        "Version": "1.21.0",
        "Type": "binary",
        "Location": "/usr/lib/go/bin/go"
      },
      "Vulnerability": {
        "ID": "CVE-2023-39318",
        "Severity": "Medium",
        "Aliases": [],
        "FixedVersion": ""
      },
      "TriageAssessments": null
    },
    {
      "Package": {
        "ID": "71d3498d5e9adb23",
        "Name": "go-1.21",
        "Version": "1.21.0-r0",
        "Type": "apk",
        "Location": "/.PKGINFO"
      },
      "Vulnerability": {
        "ID": "CVE-2023-39318",
        "Severity": "Medium",
        "Aliases": [],
        "FixedVersion": ""
      },
      "TriageAssessments": null
    },
    {
      "Package": {
        "ID": "ba19b32aed0fda67",
        "Name": "go",
        "Version": "1.21.0",
        "Type": "binary",
        "Location": "/usr/lib/go/bin/go"
      },
      "Vulnerability": {
        "ID": "CVE-2023-39319",
        "Severity": "Medium",
        "Aliases": [],
        "FixedVersion": ""
      },
      "TriageAssessments": null
    },
    {
      "Package": {
        "ID": "71d3498d5e9adb23",
        "Name": "go-1.21",
        "Version": "1.21.0-r0",
        "Type": "apk",
        "Location": "/.PKGINFO"
      },
      "Vulnerability": {
        "ID": "CVE-2023-39319",
        "Severity": "Medium",
        "Aliases": [],
        "FixedVersion": ""
      },
      "TriageAssessments": null
    },
    {
      "Package": {
        "ID": "ba19b32aed0fda67",
        "Name": "go",
        "Version": "1.21.0",
        "Type": "binary",
        "Location": "/usr/lib/go/bin/go"
      },
      "Vulnerability": {
        "ID": "CVE-2023-39320",
        "Severity": "Critical",
        "Aliases": [],
        "FixedVersion": ""
      },
      "TriageAssessments": null
    },
    {
      "Package": {
        "ID": "71d3498d5e9adb23",
        "Name": "go-1.21",
        "Version": "1.21.0-r0",
        "Type": "apk",
        "Location": "/.PKGINFO"
      },
      "Vulnerability": {
        "ID": "CVE-2023-39320",
        "Severity": "Critical",
        "Aliases": [],
        "FixedVersion": ""
      },
      "TriageAssessments": null
    },
    {
      "Package": {
        "ID": "ba19b32aed0fda67",
        "Name": "go",
        "Version": "1.21.0",
        "Type": "binary",
        "Location": "/usr/lib/go/bin/go"
      },
      "Vulnerability": {
        "ID": "CVE-2023-39321",
        "Severity": "High",
        "Aliases": [],
        "FixedVersion": ""
      },
      "TriageAssessments": null
    },
    {
      "Package": {
        "ID": "71d3498d5e9adb23",
        "Name": "go-1.21",
        "Version": "1.21.0-r0",
        "Type": "apk",
        "Location": "/.PKGINFO"
      },
      "Vulnerability": {
        "ID": "CVE-2023-39321",
        "Severity": "High",
        "Aliases": [],
        "FixedVersion": ""
      },
      "TriageAssessments": null
    },
    {
      "Package": {
        "ID": "ba19b32aed0fda67",
        "Name": "go",
        "Version": "1.21.0",
        "Type": "binary",
        "Location": "/usr/lib/go/bin/go"
      },
      "Vulnerability": {
        "ID": "CVE-2023-39322",
        "Severity": "High",
        "Aliases": [],
        "FixedVersion": ""
      },
      "TriageAssessments": null
    },
    {
      "Package": {
        "ID": "71d3498d5e9adb23",
        "Name": "go-1.21",
        "Version": "1.21.0-r0",
        "Type": "apk",
        "Location": "/.PKGINFO"
      },
      "Vulnerability": {
        "ID": "CVE-2023-39322",
        "Severity": "High",
        "Aliases": [],
        "FixedVersion": ""
      },
      "TriageAssessments": null
    },
    {
      "Package": {
        "ID": "ba19b32aed0fda67",
        "Name": "go",
        "Version": "1.21.0",
        "Type": "binary",
        "Location": "/usr/lib/go/bin/go"
      },
      "Vulnerability": {
        "ID": "CVE-2023-39323",
        "Severity": "High",
        "Aliases": [],
        "FixedVersion": ""
      },
      "TriageAssessments": null
    },
    {
      "Package": {
        "ID": "71d3498d5e9adb23",
        "Name": "go-1.21",
        "Version": "1.21.0-r0",
        "Type": "apk",
        "Location": "/.PKGINFO"
      },
      "Vulnerability": {
        "ID": "CVE-2023-39323",
        "Severity": "High",
        "Aliases": [],
        "FixedVersion": ""
      },
      "TriageAssessments": null
    },
    {
      "Package": {
        "ID": "ba19b32aed0fda67",
        "Name": "go",
        "Version": "1.21.0",
        "Type": "binary",
        "Location": "/usr/lib/go/bin/go"
      },
      "Vulnerability": {
        "ID": "CVE-2023-39325",
        "Severity": "High",
        "Aliases": [],
        "FixedVersion": ""
      },
      "TriageAssessments": null
    },
    {
      "Package": {
        "ID": "71d3498d5e9adb23",
        "Name": "go-1.21",
        "Version": "1.21.0-r0",
        "Type": "apk",
        "Location": "/.PKGINFO"
      },
      "Vulnerability": {
        "ID": "CVE-2023-39325",
        "Severity": "High",
        "Aliases": [
          "CVE-2023-39325"
        ],
        "FixedVersion": "1.21.3-r0"
      },
      "TriageAssessments": null
    },
    {
      "Package": {
        "ID": "ba19b32aed0fda67",
        "Name": "go",
        "Version": "1.21.0",
        "Type": "binary",
        "Location": "/usr/lib/go/bin/go"
      },
      "Vulnerability": {
        "ID": "CVE-2023-39326",
        "Severity": "Medium",
        "Aliases": [],
        "FixedVersion": ""
      },
      "TriageAssessments": null
    },
    {
      "Package": {
        "ID": "ba19b32aed0fda67",
        "Name": "go",
        "Version": "1.21.0",
        "Type": "binary",
        "Location": "/usr/lib/go/bin/go"
      },
      "Vulnerability": {
        "ID": "CVE-2023-44487",
        "Severity": "High",
        "Aliases": [],
        "FixedVersion": ""
      },
      "TriageAssessments": null
    },
    {
      "Package": {
        "ID": "71d3498d5e9adb23",
        "Name": "go-1.21",
        "Version": "1.21.0-r0",
        "Type": "apk",
        "Location": "/.PKGINFO"
      },
      "Vulnerability": {
        "ID": "CVE-2023-44487",
        "Severity": "High",
        "Aliases": [],
        "FixedVersion": ""
      },
      "TriageAssessments": null
    },
    {
      "Package": {
        "ID": "71d3498d5e9adb23",
        "Name": "go-1.21",
        "Version": "1.21.0-r0",
        "Type": "apk",
        "Location": "/.PKGINFO"
      },
      "Vulnerability": {
        "ID": "CVE-2023-45283",
        "Severity": "High",
        "Aliases": [
          "CVE-2023-45283"
        ],
        "FixedVersion": "1.21.5-r0"
      },
      "TriageAssessments": null
    },
    {
      "Package": {
        "ID": "ba19b32aed0fda67",
        "Name": "go",
        "Version": "1.21.0",
        "Type": "binary",
        "Location": "/usr/lib/go/bin/go"
      },
      "Vulnerability": {
        "ID": "CVE-2023-45285",
        "Severity": "High",
        "Aliases": [],
        "FixedVersion": ""
      },
      "TriageAssessments": null
    },
    {
      "Package": {
        "ID": "ba19b32aed0fda67",
        "Name": "go",
        "Version": "1.21.0",
        "Type": "binary",
        "Location": "/usr/lib/go/bin/go"
      },
      "Vulnerability": {
        "ID": "CVE-2023-45288",
        "Severity": "Unknown",
        "Aliases": [],
        "FixedVersion": ""
      },
      "TriageAssessments": null
    },
    {
      "Package": {
        "ID": "71d3498d5e9adb23",
        "Name": "go-1.21",
        "Version": "1.21.0-r0",
        "Type": "apk",
        "Location": "/.PKGINFO"
      },
      "Vulnerability": {
        "ID": "CVE-2023-45288",
        "Severity": "Unknown",
        "Aliases": [
          "CVE-2023-45288"
        ],
        "FixedVersion": "1.21.9-r0"
      },
      "TriageAssessments": null
    },
    {
      "Package": {
        "ID": "ba19b32aed0fda67",
        "Name": "go",
        "Version": "1.21.0",
        "Type": "binary",
        "Location": "/usr/lib/go/bin/go"
      },
      "Vulnerability": {
        "ID": "CVE-2023-45289",
        "Severity": "Unknown",
        "Aliases": [],
        "FixedVersion": ""
      },
      "TriageAssessments": null
    },
    {
      "Package": {
        "ID": "71d3498d5e9adb23",
        "Name": "go-1.21",
        "Version": "1.21.0-r0",
        "Type": "apk",
        "Location": "/.PKGINFO"
      },
      "Vulnerability": {
        "ID": "CVE-2023-45289",
        "Severity": "Unknown",
        "Aliases": [],
        "FixedVersion": ""
      },
      "TriageAssessments": null
    },
    {
      "Package": {
        "ID": "ba19b32aed0fda67",
        "Name": "go",
        "Version": "1.21.0",
        "Type": "binary",
        "Location": "/usr/lib/go/bin/go"
      },
      "Vulnerability": {
        "ID": "CVE-2023-45290",
        "Severity": "Unknown",
        "Aliases": [],
        "FixedVersion": ""
      },
      "TriageAssessments": null
    },
    {
      "Package": {
        "ID": "71d3498d5e9adb23",
        "Name": "go-1.21",
        "Version": "1.21.0-r0",
        "Type": "apk",
        "Location": "/.PKGINFO"
      },
      "Vulnerability": {
        "ID": "CVE-2023-45290",
        "Severity": "Unknown",
        "Aliases": [],
        "FixedVersion": ""
      },
      "TriageAssessments": null
    },
    {
      "Package": {
        "ID": "ba19b32aed0fda67",
        "Name": "go",
        "Version": "1.21.0",
        "Type": "binary",
        "Location": "/usr/lib/go/bin/go"
      },
      "Vulnerability": {
        "ID": "CVE-2024-24783",
        "Severity": "Unknown",
        "Aliases": [],
        "FixedVersion": ""
      },
      "TriageAssessments": null
    },
    {
      "Package": {
        "ID": "71d3498d5e9adb23",
        "Name": "go-1.21",
        "Version": "1.21.0-r0",
        "Type": "apk",
        "Location": "/.PKGINFO"
      },
      "Vulnerability": {
        "ID": "CVE-2024-24783",
        "Severity": "Unknown",
        "Aliases": [],
        "FixedVersion": ""
      },
      "TriageAssessments": null
    },
    {
      "Package": {
        "ID": "ba19b32aed0fda67",
        "Name": "go",
        "Version": "1.21.0",
        "Type": "binary",
        "Location": "/usr/lib/go/bin/go"
      },
      "Vulnerability": {
        "ID": "CVE-2024-24784",
        "Severity": "Unknown",
        "Aliases": [],
        "FixedVersion": ""
      },
      "TriageAssessments": null
    },
    {
      "Package": {
        "ID": "71d3498d5e9adb23",
        "Name": "go-1.21",
        "Version": "1.21.0-r0",
        "Type": "apk",
        "Location": "/.PKGINFO"
      },
      "Vulnerability": {
        "ID": "CVE-2024-24784",
        "Severity": "Unknown",
        "Aliases": [],
        "FixedVersion": ""
      },
      "TriageAssessments": null
    },
    {
      "Package": {
        "ID": "ba19b32aed0fda67",
        "Name": "go",
        "Version": "1.21.0",
        "Type": "binary",
        "Location": "/usr/lib/go/bin/go"
      },
      "Vulnerability": {
        "ID": "CVE-2024-24785",
        "Severity": "Unknown",
        "Aliases": [],
        "FixedVersion": ""
      },
      "TriageAssessments": null
    },
    {
      "Package": {
        "ID": "71d3498d5e9adb23",
        "Name": "go-1.21",
        "Version": "1.21.0-r0",
        "Type": "apk",
        "Location": "/.PKGINFO"
      },
      "Vulnerability": {
        "ID": "CVE-2024-24785",
        "Severity": "Unknown",
        "Aliases": [],
        "FixedVersion": ""
      },
      "TriageAssessments": null
    },
    {
      "Package": {
        "ID": "ba19b32aed0fda67",
        "Name": "go",
        "Version": "1.21.0",
        "Type": "binary",
        "Location": "/usr/lib/go/bin/go"
      },
      "Vulnerability": {
        "ID": "CVE-2024-24787",
        "Severity": "Unknown",
        "Aliases": [],
        "FixedVersion": ""
      },
      "TriageAssessments": null
    },
    {
      "Package": {
        "ID": "71d3498d5e9adb23",
        "Name": "go-1.21",
        "Version": "1.21.0-r0",
        "Type": "apk",
        "Location": "/.PKGINFO"
      },
      "Vulnerability": {
        "ID": "CVE-2024-24787",
        "Severity": "Unknown",
        "Aliases": [
          "CVE-2024-24787"
        ],
        "FixedVersion": "1.21.10-r0"
      },
      "TriageAssessments": null
    },
    {
      "Package": {
        "ID": "ba19b32aed0fda67",
        "Name": "go",
        "Version": "1.21.0",
        "Type": "binary",
        "Location": "/usr/lib/go/bin/go"
      },
      "Vulnerability": {
        "ID": "CVE-2024-24789",
        "Severity": "Unknown",
        "Aliases": [],
        "FixedVersion": ""
      },
      "TriageAssessments": null
    },
    {
      "Package": {
        "ID": "71d3498d5e9adb23",
        "Name": "go-1.21",
        "Version": "1.21.0-r0",
        "Type": "apk",
        "Location": "/.PKGINFO"
      },
      "Vulnerability": {
        "ID": "CVE-2024-24789",
        "Severity": "Unknown",
        "Aliases": [
          "CVE-2024-24789"
        ],
        "FixedVersion": "1.21.11-r0"
      },
      "TriageAssessments": null
    },
    {
      "Package": {
        "ID": "ba19b32aed0fda67",
        "Name": "go",
        "Version": "1.21.0",
        "Type": "binary",
        "Location": "/usr/lib/go/bin/go"
      },
      "Vulnerability": {
        "ID": "CVE-2024-24790",
        "Severity": "Unknown",
        "Aliases": [],
        "FixedVersion": ""
      },
      "TriageAssessments": null
    },
    {
      "Package": {
        "ID": "71d3498d5e9adb23",
        "Name": "go-1.21",
        "Version": "1.21.0-r0",
        "Type": "apk",
        "Location": "/.PKGINFO"
      },
      "Vulnerability": {
        "ID": "CVE-2024-24790",
        "Severity": "Unknown",
        "Aliases": [
          "CVE-2024-24790"
        ],
        "FixedVersion": "1.21.11-r0"
      },
      "TriageAssessments": null
    },
    {
      "Package": {
        "ID": "71d3498d5e9adb23",
        "Name": "go-1.21",
        "Version": "1.21.0-r0",
        "Type": "apk",
        "Location": "/.PKGINFO"
      },
      "Vulnerability": {
        "ID": "GHSA-236w-p7wf-5ph8",
        "Severity": "Unknown",
        "Aliases": [],
        "FixedVersion": "1.21.11-r0"
      },
      "TriageAssessments": null
    },
    {
      "Package": {
        "ID": "71d3498d5e9adb23",
        "Name": "go-1.21",
        "Version": "1.21.0-r0",
        "Type": "apk",
        "Location": "/.PKGINFO"
      },
      "Vulnerability": {
        "ID": "GHSA-4374-p667-p6c8",
        "Severity": "Unknown",
        "Aliases": [],
        "FixedVersion": "1.21.3-r0"
      },
      "TriageAssessments": null
    },
    {
      "Package": {
        "ID": "71d3498d5e9adb23",
        "Name": "go-1.21",
        "Version": "1.21.0-r0",
        "Type": "apk",
        "Location": "/.PKGINFO"
      },
      "Vulnerability": {
        "ID": "GHSA-49gw-vxvf-fc2g",
        "Severity": "Unknown",
        "Aliases": [],
        "FixedVersion": "1.21.11-r0"
      },
      "TriageAssessments": null
    },
    {
      "Package": {
        "ID": "71d3498d5e9adb23",
        "Name": "go-1.21",
        "Version": "1.21.0-r0",
        "Type": "apk",
        "Location": "/.PKGINFO"
      },
      "Vulnerability": {
        "ID": "GHSA-4v7x-pqxf-cx7m",
        "Severity": "Unknown",
        "Aliases": [],
        "FixedVersion": "1.21.9-r0"
      },
      "TriageAssessments": null
    },
    {
      "Package": {
        "ID": "71d3498d5e9adb23",
        "Name": "go-1.21",
        "Version": "1.21.0-r0",
        "Type": "apk",
        "Location": "/.PKGINFO"
      },
      "Vulnerability": {
        "ID": "GHSA-5fq7-4mxc-535h",
        "Severity": "Unknown",
        "Aliases": [],
        "FixedVersion": "1.21.10-r0"
      },
      "TriageAssessments": null
    },
    {
      "Package": {
        "ID": "71d3498d5e9adb23",
        "Name": "go-1.21",
        "Version": "1.21.0-r0",
        "Type": "apk",
        "Location": "/.PKGINFO"
      },
      "Vulnerability": {
        "ID": "GHSA-vvjp-q62m-2vph",
        "Severity": "Unknown",
        "Aliases": [],
        "FixedVersion": "1.21.5-r0"
      },
      "TriageAssessments": null
    }
  ],
  "GrypeDBStatus": {
    "built": "2024-06-11T01:29:53Z",
    "schemaVersion": 5,
    "location": "testdata/grypedb/5",
    "checksum": "sha256:d53b8f394bd155c9562f80d8b4128ff57b6e6fbfc122742454ad951363b9e05d",
    "error": null
  }
}
