package:
  name: foobar
  version: "7"
  epoch: 0
