# Generated by
package:
  name: blah
  version: "7"
  # epoch 0
  epoch: 0
pipeline:
  - uses: fetch
    with:
      expected-sha256: 060309d7a333d38d951bc27598c677af1796934dbd98e1024e7ad8de798fedda
      uri: https://github.com/lathiat/avahi/releases/download/v${{package.version}}/avahi-${{package.version}}.tar.gz
  - uses: go/bump
    with:
      deps: golang/go@v1.21 k8s.io/api@1.29
  - uses: patch
    with:
      patches: CVE-2021-3468.patch
subpackages:
  - name: alsa-lib-dev
    pipeline:
      - uses: split/dev
    dependencies:
      runtime:
        - alsa-lib
