{
  "TargetAPK": {
    "Name": "php-odbc",
    "Version": "8.2.11-r1",
    "OriginPackageName": "php-8.2"
  },
  "Findings": null,
  "GrypeDBStatus": {
    "built": "2024-06-11T01:29:53Z",
    "schemaVersion": 5,
    "location": "testdata/grypedb/5",
    "checksum": "sha256:d53b8f394bd155c9562f80d8b4128ff57b6e6fbfc122742454ad951363b9e05d",
    "error": null
  }
}
