[
  {
    "modified": "2022-09-15T02:40:18Z",
    "id": "CGA-37qj-pjrf-fmrw"
  },
  {
    "modified": "2023-05-04T14:34:34Z",
    "id": "CGA-5f5c-53mg-6p2v"
  },
  {
    "modified": "2023-02-07T16:50:17Z",
    "id": "CGA-6mjr-v678-c6gm"
  },
  {
    "modified": "2023-05-04T14:34:34Z",
    "id": "CGA-gg4h-ppqq-vf35"
  },
  {
    "modified": "2023-04-08T16:32:54Z",
    "id": "CGA-mm7m-x6cw-5fg4"
  },
  {
    "modified": "2023-03-28T14:54:27Z",
    "id": "CGA-vj68-6p3f-8xmr"
  }
]
